Microchip MPLAB XC8 Compiler V3.00

Linker command line:

-W-3 \
  --edf=C:\Program Files\Microchip\xc8\v3.00\pic\dat\20241204225717_en.msgs \
  -cn -h+dist/default/production\finalProject.X.production.sym \
  --cmf=dist/default/production\finalProject.X.production.cmf -z -Q18F4331 \
  -oC:\Users\leone\AppData\Local\Temp\xcAsl3s.\driver_tmp_3.o \
  --defsym=__MPLAB_BUILD=1 --fixupoverflow=error \
  -Mdist/default/production/finalProject.X.production.map \
  --md=C:\Users\leone\AppData\Local\Temp\xcAsl3s.\driver_tmp_0.dat -E1 \
  -ver=XC8 Compiler -ACODE=00h-01FFFh -ACONST=00h-01FFFh \
  -ASMALLCONST=0300h-03FFhx29 -AMEDIUMCONST=0300h-01FFFh -ACOMRAM=01h-05Fh \
  -AABS1=00h-02FFh -ABIGRAM=01h-02FFh -ARAM=060h-0FFh,0100h-01FFhx2 \
  -ABANK0=060h-0FFh -ABANK1=0100h-01FFh -ABANK2=0200h-02FFh \
  -ASFR=0F60h-0FFFh -ABIGSFR=0F60h-0FFFh -ACONFIG=0300000h-030000Dh \
  -AIDLOC=0200000h-0200007h -AEEDATA=0F00000h-0F000FFh -peeprom_data=EEDATA \
  -preset_vec=00h,intcode=8h,intcodelo=18h,sivt_lo,sivt_hi=CODE \
  -ppowerup=CODE,init -pramtop=0300h -psmallconst=SMALLCONST \
  -pmediumconst=MEDIUMCONST -pconst=CONST -AFARRAM=00h-00h \
  -prdata=COMRAM,nvrram=COMRAM,nvbit=COMRAM,rbss=COMRAM,rbit=COMRAM \
  -pfarbss=FARRAM,fardata=FARRAM,nvFARRAM=FARRAM \
  -pintsave_regs=BIGRAM,bigbss=BIGRAM,bigdata=BIGRAM -pbss=RAM \
  -pidata=CODE,irdata=CODE,ibigdata=CODE,ifardata=CODE -prparam=COMRAM \
  C:\Users\leone\AppData\Local\Temp\xcAsl3s.\driver_tmp_9.o \
  dist/default/production\finalProject.X.production.o 

Object code version is 3.11

Machine type is 18F4331



                Name                               Link     Load   Length Selector   Space Scale
C:\Users\leone\AppData\Local\Temp\xcAsl3s.\driver_tmp_9.o
                config                           300000   300000        E        0       4
                init                                 94       94        4        4       0
                reset_vec                             0        0        4        0       0
dist/default/production\finalProject.X.production.o
                intcode                               8        8       8C        4       0
                config                           300000   300000        E        0       4
                temp                                 5E       5E        1        1       1
                smallconst                          300      300        2      180       0
                text15                             1FC8     1FC8       14      181       0
                text14                             1E68     1E68       AE      181       0
                text13                             1FB2     1FB2       16      181       0
                text12                             1C28     1C28       C2      181       0
                text11                             1CEA     1CEA       C0      181       0
                text10                             1DAA     1DAA       BE      181       0
                text9                              1720     1720      24E      181       0
                text8                              1F16     1F16       70      181       0
                text7                              1F9C     1F9C       16      181       0
                text6                               7F4      7F4      4B6      181       0
                text5                              10D0     10D0      390      181       0
                text4                               CAA      CAA      426      181       0
                text3                              1B22     1B22      106      181       0
                text2                              196E     196E      1B4      181       0
                text1                              1460     1460      2C0      181       0
                text0                               302      302      4F2      181       0
                cstackCOMRAM                          1        1       5D        1       1
                cstackBANK0                          60       60       20       60       1
                bssBANK0                             80       80        8       60       1
                cinit                              1F86     1F86       16      181       0

TOTAL           Name                               Link     Load   Length     Space
        CLASS   CODE           
                intcode                               8        8       8C         0
                init                                 94       94        4         0
                reset_vec                             0        0        4         0
                text15                             1FC8     1FC8       14         0
                text14                             1E68     1E68       AE         0
                text13                             1FB2     1FB2       16         0
                text12                             1C28     1C28       C2         0
                text11                             1CEA     1CEA       C0         0
                text10                             1DAA     1DAA       BE         0
                text9                              1720     1720      24E         0
                text8                              1F16     1F16       70         0
                text7                              1F9C     1F9C       16         0
                text6                               7F4      7F4      4B6         0
                text5                              10D0     10D0      390         0
                text4                               CAA      CAA      426         0
                text3                              1B22     1B22      106         0
                text2                              196E     196E      1B4         0
                text1                              1460     1460      2C0         0
                text0                               302      302      4F2         0
                cinit                              1F86     1F86       16         0

        CLASS   CONST          

        CLASS   SMALLCONST     
                smallconst                          300      300        2         0

        CLASS   MEDIUMCONST    

        CLASS   COMRAM         
                temp                                 5E       5E        1         1
                cstackCOMRAM                          1        1       5D         1

        CLASS   ABS1           

        CLASS   BIGRAM         

        CLASS   RAM            

        CLASS   BANK0          
                cstackBANK0                          60       60       20         1
                bssBANK0                             80       80        8         1

        CLASS   BANK1          

        CLASS   BANK2          

        CLASS   SFR            

        CLASS   BIGSFR         

        CLASS   CONFIG         
                config                           300000   300000        E         4

        CLASS   IDLOC          

        CLASS   EEDATA         

        CLASS   FARRAM         

        CLASS   HEAP           

        CLASS   STACK          



SEGMENTS        Name                           Load    Length   Top    Selector   Space  Class

                reset_vec                      000000  000004  000004         0       0  CODE    
                cstackCOMRAM                   000001  00005E  00005F         1       1  COMRAM  
                intcode                        000008  000090  000098         4       0  CODE    
                cstackBANK0                    000060  000028  000088        60       1  BANK0   
                smallconst                     000300  000002  000302       180       0  SMALLCON
                text0                          000302  001CDA  001FDC       181       0  CODE    


UNUSED ADDRESS RANGES

        Name                Unused          Largest block    Delta
        BANK0            000088-0000FF               78
        BANK1            000100-0001FF              100
        BANK2            000200-0002FF              100
        BIGRAM           00005F-00005F                1
                         000088-0002FF              278
        BIGSFR           000F60-000FFF               A0
        CODE             000004-000007                4
                         000098-0002FF              268
                         001FDC-001FFF               24
        COMRAM           00005F-00005F                1
        CONST            000004-000007                4
                         000098-0002FF              268
                         001FDC-001FFF               24
        EEDATA           F00000-F000FF              100
        IDLOC            200000-200007                8
        MEDIUMCONST      001FDC-001FFF               24
        RAM              000088-0002FF              100
        SFR              000F60-000FFF               A0
        SMALLCONST       001FDC-001FFF               24

                                  Symbol Table

?___awdiv                              cstackCOMRAM 000002
?___awmod                              cstackCOMRAM 000002
?___fladd                              cstackCOMRAM 000042
?___fldiv                              cstackCOMRAM 000010
?___flmul                              cstackCOMRAM 000029
?___fltol                              cstackCOMRAM 000042
?___xxtofl                             cstackCOMRAM 000002
UART_Transmit@data                     cstackCOMRAM 000002
_BAUDCTLbits                           (abs)        000FAA
_INTCONbits                            (abs)        000FF2
_LATCbits                              (abs)        000F8B
_LATDbits                              (abs)        000F8C
_OSCCONbits                            (abs)        000FD3
_PIE1bits                              (abs)        000F9D
_PIR1bits                              (abs)        000F9E
_PORTBbits                             (abs)        000F81
_PORTCbits                             (abs)        000F82
_PORTDbits                             (abs)        000F83
_PR2                                   (abs)        000FCB
_RCSTAbits                             (abs)        000FAB
_SPBRG                                 (abs)        000FAF
_T2CONbits                             (abs)        000FCA
_TMR2                                  (abs)        000FCC
_TMR2_ISR                              intcode      000008
_TRISB                                 (abs)        000F93
_TRISC6                                (abs)        007CA6
_TRISC7                                (abs)        007CA7
_TRISCbits                             (abs)        000F94
_TRISD                                 (abs)        000F95
_TXREG                                 (abs)        000FAD
_TXSTAbits                             (abs)        000FAC
_UART_Init                             text15       001FC8
_UART_Transmit                         text13       001FB2
__HRAM                                 (abs)        000000
__H__absolute__                        __absolute__ 000000
__Habs1                                abs1         000000
__Hbank0                               bank0        000000
__Hbank1                               bank1        000000
__Hbank2                               bank2        000000
__Hbigbss                              bigbss       000000
__Hbigdata                             bigdata      000000
__Hbigram                              bigram       000000
__Hbigsfr                              bigsfr       000000
__Hbss                                 bss          000000
__HbssBANK0                            bssBANK0     000000
__Hcinit                               cinit        000000
__Hclrtext                             clrtext      000000
__Hcomram                              comram       000000
__Hconfig                              config       30000E
__Hconst                               const        000000
__HcstackBANK0                         cstackBANK0  000000
__HcstackCOMRAM                        cstackCOMRAM 000000
__Hdata                                data         000000
__Heeprom_data                         eeprom_data  000000
__Hfarbss                              farbss       000000
__Hfardata                             fardata      000000
__Hheap                                heap         000000
__Hibigdata                            ibigdata     000000
__Hidata                               idata        000000
__Hidloc                               idloc        000000
__Hifardata                            ifardata     000000
__Hinit                                init         000098
__Hintcode                             intcode      000094
__Hintcode_body                        intcode_body 000000
__Hintcodelo                           intcodelo    000018
__Hintentry                            intentry     000000
__Hintret                              intret       000000
__Hintsave_regs                        intsave_regs 000000
__Hirdata                              irdata       000000
__Hmediumconst                         mediumconst  000000
__HnvFARRAM                            nvFARRAM     000000
__Hnvbit                               nvbit        000000
__Hnvrram                              nvrram       000000
__Hparam                               rparam       000000
__Hpowerup                             powerup      000000
__Hram                                 ram          000000
__Hramtop                              ramtop       000300
__Hrbit                                rbit         000000
__Hrbss                                rbss         000000
__Hrdata                               rdata        000000
__Hreset_vec                           reset_vec    000004
__Hrparam                              rparam       000000
__Hsfr                                 sfr          000000
__Hsivt_hi                             sivt_hi      000000
__Hsivt_lo                             sivt_lo      000018
__Hsmallconst                          smallconst   000302
__Hspace_0                             (abs)        001FDC
__Hspace_1                             (abs)        000088
__Hspace_2                             (abs)        000000
__Hspace_4                             (abs)        60000E
__Hstack                               stack        000000
__Hstruct                              struct       000000
__Htemp                                temp         00005F
__Htext                                text         000000
__Htext0                               text0        000000
__Htext1                               text1        000000
__Htext10                              text10       000000
__Htext11                              text11       000000
__Htext12                              text12       000000
__Htext13                              text13       000000
__Htext14                              text14       000000
__Htext15                              text15       000000
__Htext2                               text2        000000
__Htext3                               text3        000000
__Htext4                               text4        000000
__Htext5                               text5        000000
__Htext6                               text6        000000
__Htext7                               text7        000000
__Htext8                               text8        000000
__Htext9                               text9        000000
__LRAM                                 (abs)        000001
__L__absolute__                        __absolute__ 000000
__Labs1                                abs1         000000
__Lbank0                               bank0        000000
__Lbank1                               bank1        000000
__Lbank2                               bank2        000000
__Lbigbss                              bigbss       000000
__Lbigdata                             bigdata      000000
__Lbigram                              bigram       000000
__Lbigsfr                              bigsfr       000000
__Lbss                                 bss          000000
__LbssBANK0                            bssBANK0     000000
__Lcinit                               cinit        000000
__Lclrtext                             clrtext      000000
__Lcomram                              comram       000000
__Lconfig                              config       000000
__Lconst                               const        000000
__LcstackBANK0                         cstackBANK0  000000
__LcstackCOMRAM                        cstackCOMRAM 000000
__Ldata                                data         000000
__Leeprom_data                         eeprom_data  000000
__Lfarbss                              farbss       000000
__Lfardata                             fardata      000000
__Lheap                                heap         000000
__Libigdata                            ibigdata     000000
__Lidata                               idata        000000
__Lidloc                               idloc        000000
__Lifardata                            ifardata     000000
__Linit                                init         000094
__Lintcode                             intcode      000008
__Lintcode_body                        intcode_body 000000
__Lintcodelo                           intcodelo    000018
__Lintentry                            intentry     000000
__Lintret                              intret       000000
__Lintsave_regs                        intsave_regs 000000
__Lirdata                              irdata       000000
__Lmediumconst                         mediumconst  000000
__LnvFARRAM                            nvFARRAM     000000
__Lnvbit                               nvbit        000000
__Lnvrram                              nvrram       000000
__Lparam                               rparam       000000
__Lpowerup                             powerup      000000
__Lram                                 ram          000000
__Lramtop                              ramtop       000300
__Lrbit                                rbit         000000
__Lrbss                                rbss         000000
__Lrdata                               rdata        000000
__Lreset_vec                           reset_vec    000000
__Lrparam                              rparam       000000
__Lsfr                                 sfr          000000
__Lsivt_hi                             sivt_hi      000000
__Lsivt_lo                             sivt_lo      000018
__Lsmallconst                          smallconst   000300
__Lspace_0                             (abs)        000000
__Lspace_1                             (abs)        000000
__Lspace_2                             (abs)        000000
__Lspace_4                             (abs)        000000
__Lstack                               stack        000000
__Lstruct                              struct       000000
__Ltemp                                temp         00005E
__Ltext                                text         000000
__Ltext0                               text0        000000
__Ltext1                               text1        000000
__Ltext10                              text10       000000
__Ltext11                              text11       000000
__Ltext12                              text12       000000
__Ltext13                              text13       000000
__Ltext14                              text14       000000
__Ltext15                              text15       000000
__Ltext2                               text2        000000
__Ltext3                               text3        000000
__Ltext4                               text4        000000
__Ltext5                               text5        000000
__Ltext6                               text6        000000
__Ltext7                               text7        000000
__Ltext8                               text8        000000
__Ltext9                               text9        000000
__S0                                   (abs)        001FDC
__S1                                   (abs)        000088
__S4                                   (abs)        000000
__S5                                   (abs)        000000
___awdiv                               text12       001C28
___awdiv@counter                       cstackCOMRAM 000006
___awdiv@dividend                      cstackCOMRAM 000002
___awdiv@divisor                       cstackCOMRAM 000004
___awdiv@quotient                      cstackCOMRAM 000008
___awdiv@sign                          cstackCOMRAM 000007
___awmod                               text14       001E68
___awmod@counter                       cstackCOMRAM 000006
___awmod@dividend                      cstackCOMRAM 000002
___awmod@divisor                       cstackCOMRAM 000004
___awmod@sign                          cstackCOMRAM 000007
___fladd                               text6        0007F4
___fladd@a                             cstackCOMRAM 000046
___fladd@aexp                          cstackCOMRAM 00004F
___fladd@b                             cstackCOMRAM 000042
___fladd@bexp                          cstackCOMRAM 000050
___fladd@grs                           cstackCOMRAM 000051
___fladd@signs                         cstackCOMRAM 00004E
___fldiv                               text5        0010D0
___fldiv@a                             cstackCOMRAM 000014
___fldiv@aexp                          cstackCOMRAM 000028
___fldiv@b                             cstackCOMRAM 000010
___fldiv@bexp                          cstackCOMRAM 000027
___fldiv@grs                           cstackCOMRAM 000023
___fldiv@new_exp                       cstackCOMRAM 000021
___fldiv@rem                           cstackCOMRAM 00001C
___fldiv@sign                          cstackCOMRAM 000020
___flmul                               text4        000CAA
___flmul@a                             cstackCOMRAM 00002D
___flmul@aexp                          cstackCOMRAM 00003A
___flmul@b                             cstackCOMRAM 000029
___flmul@bexp                          cstackCOMRAM 00003B
___flmul@grs                           cstackCOMRAM 000036
___flmul@prod                          cstackCOMRAM 00003C
___flmul@sign                          cstackCOMRAM 000035
___flmul@temp                          cstackCOMRAM 000040
___fltol                               text3        001B22
___fltol@exp1                          cstackCOMRAM 00004B
___fltol@f1                            cstackCOMRAM 000042
___fltol@sign1                         cstackCOMRAM 00004A
___heap_hi                             (abs)        000000
___heap_lo                             (abs)        000000
___inthi_sp                            stack        000000
___inthi_stack_hi                      stack        000000
___inthi_stack_lo                      stack        000000
___intlo_sp                            stack        000000
___intlo_stack_hi                      stack        000000
___intlo_stack_lo                      stack        000000
___param_bank                          (abs)        000000
___rparam_used                         (abs)        000001
___sp                                  stack        000000
___stack_hi                            stack        000000
___stack_lo                            stack        000000
___xxtofl                              text2        00196E
___xxtofl@arg                          cstackCOMRAM 00000C
___xxtofl@exp                          cstackCOMRAM 00000B
___xxtofl@sign                         cstackCOMRAM 00000A
___xxtofl@val                          cstackCOMRAM 000002
__accesstop                            (abs)        000060
__activetblptr                         (abs)        000000
__end_of_TMR2_ISR                      intcode      000094
__end_of_UART_Init                     text15       001FDC
__end_of_UART_Transmit                 text13       001FC8
__end_of___awdiv                       text12       001CEA
__end_of___awmod                       text14       001F16
__end_of___fladd                       text6        000CAA
__end_of___fldiv                       text5        001460
__end_of___flmul                       text4        0010D0
__end_of___fltol                       text3        001C28
__end_of___xxtofl                      text2        001B22
__end_of__initialization               cinit        001F92
__end_of_convertPanAngle               text11       001DAA
__end_of_convertTiltAngle              text10       001E68
__end_of_displayOLED                   text8        001F86
__end_of_getServoAngles                text9        00196E
__end_of_init_timer2                   text7        001FB2
__end_of_main                          text0        0007F4
__end_of_setServoHighTime              text1        001720
__initialization                       cinit        001F86
__mediumconst                          smallconst   000300
__pbssBANK0                            bssBANK0     000080
__pcinit                               cinit        001F86
__pcstackBANK0                         cstackBANK0  000060
__pcstackCOMRAM                        cstackCOMRAM 000001
__pintcode                             intcode      000008
__psmallconst                          smallconst   000300
__ptext0                               text0        000302
__ptext1                               text1        001460
__ptext10                              text10       001DAA
__ptext11                              text11       001CEA
__ptext12                              text12       001C28
__ptext13                              text13       001FB2
__ptext14                              text14       001E68
__ptext15                              text15       001FC8
__ptext2                               text2        00196E
__ptext3                               text3        001B22
__ptext4                               text4        000CAA
__ptext5                               text5        0010D0
__ptext6                               text6        0007F4
__ptext7                               text7        001F9C
__ptext8                               text8        001F16
__ptext9                               text9        001720
__ramtop                               ramtop       000300
__smallconst                           smallconst   000300
_convertPanAngle                       text11       001CEA
_convertTiltAngle                      text10       001DAA
_displayOLED                           text8        001F16
_getServoAngles                        text9        001720
_highTimePhiMicro                      bssBANK0     000084
_highTimeThetaMicro                    bssBANK0     000086
_init_timer2                           text7        001F9C
_main                                  text0        000302
_modeButton                            bssBANK0     000082
_pwm_count                             bssBANK0     000080
_setServoHighTime                      text1        001460
_setServoHighTime$1476                 cstackBANK0  000068
btemp                                  temp         00005E
convertPanAngle@angle                  cstackCOMRAM 00000A
convertTiltAngle@angle                 cstackCOMRAM 00000A
displayOLED@combinedValue              cstackCOMRAM 000020
displayOLED@i                          cstackCOMRAM 000018
displayOLED@j                          cstackCOMRAM 00001A
displayOLED@panHex                     cstackCOMRAM 00001E
displayOLED@servoPhiPosition           cstackCOMRAM 000021
displayOLED@servoThetaPosition         cstackCOMRAM 000023
displayOLED@tiltHex                    cstackCOMRAM 00001F
end_of_initialization                  cinit        001F92
getServoAngles@i                       cstackCOMRAM 00000A
getServoAngles@j                       cstackCOMRAM 00000C
getServoAngles@scanMode                cstackCOMRAM 000010
getServoAngles@servoPhiPosition        cstackCOMRAM 00000F
getServoAngles@servoThetaPosition      cstackCOMRAM 00000E
int$flags                              temp         00005E
intlevel0                              text         000000
intlevel1                              text         000000
intlevel2                              text         000000
intlevel3                              text         000000
isa$std                                (abs)        000001
isa$xinst                              (abs)        000000
main@OLEDcount                         cstackBANK0  000072
main@i                                 cstackBANK0  00007E
main@j                                 cstackBANK0  00007C
main@sensorDown                        cstackBANK0  000076
main@sensorLeft                        cstackBANK0  000078
main@sensorRight                       cstackBANK0  00007A
main@sensorTriggered                   cstackBANK0  000070
main@sensorUp                          cstackBANK0  000074
setServoHighTime@dutyCyclePercentPhi   cstackBANK0  000064
setServoHighTime@dutyCyclePercentTheta cstackBANK0  000060
setServoHighTime@highTimePhiMicro      cstackCOMRAM 000059
setServoHighTime@highTimeThetaMicro    cstackCOMRAM 000058
setServoHighTime@i                     cstackCOMRAM 000052
setServoHighTime@j                     cstackCOMRAM 000054
setServoHighTime@scanMode              cstackCOMRAM 000056
setServoHighTime@servoPhiPosition      cstackBANK0  00006C
setServoHighTime@servoThetaPosition    cstackBANK0  00006E
stackhi                                (abs)        000000
stacklo                                (abs)        000000
start                                  init         000094
start_initialization                   cinit        001F86
ttemp5                                 temp         00005F
ttemp6                                 temp         000062
ttemp7                                 temp         000066
wtemp8                                 temp         00005F


MODULE INFORMATION

Module		Function		Class		Link	Load	Size
C:\Program Files\Microchip\xc8\v3.00\pic\sources\c99\common\awmod.c
		___awmod       		CODE           	1E68	0000	174

C:\Program Files\Microchip\xc8\v3.00\pic\sources\c99\common\awmod.c estimated size: 174

./ServoFunctions.h
		_setServoHighTime		CODE           	1460	0000	704
		_getServoAngles		CODE           	1720	0000	590

./ServoFunctions.h estimated size: 1294

C:\Program Files\Microchip\xc8\v3.00\pic\sources\c99\common\sprcmul.c
		___flmul       		CODE           	0CAA	0000	1062

C:\Program Files\Microchip\xc8\v3.00\pic\sources\c99\common\sprcmul.c estimated size: 1062

C:\Program Files\Microchip\xc8\v3.00\pic\sources\c99\common\sprcdiv.c
		___fldiv       		CODE           	10D0	0000	912

C:\Program Files\Microchip\xc8\v3.00\pic\sources\c99\common\sprcdiv.c estimated size: 912

shared
		__initialization		CODE           	1F86	0000	12

shared estimated size: 12

C:\Program Files\Microchip\xc8\v3.00\pic\sources\c99\common\xxtofl.c
		___xxtofl      		CODE           	196E	0000	436

C:\Program Files\Microchip\xc8\v3.00\pic\sources\c99\common\xxtofl.c estimated size: 436

C:\Program Files\Microchip\xc8\v3.00\pic\sources\c99\common\awdiv.c
		___awdiv       		CODE           	1C28	0000	194

C:\Program Files\Microchip\xc8\v3.00\pic\sources\c99\common\awdiv.c estimated size: 194

C:\Program Files\Microchip\xc8\v3.00\pic\sources\c99\common\fltol.c
		___fltol       		CODE           	1B22	0000	262

C:\Program Files\Microchip\xc8\v3.00\pic\sources\c99\common\fltol.c estimated size: 262

./Init.h
		_UART_Init     		CODE           	1FC8	0000	20
		_convertPanAngle		CODE           	1CEA	0000	192
		_init_timer2   		CODE           	1F9C	0000	22
		_convertTiltAngle		CODE           	1DAA	0000	190
		_UART_Transmit 		CODE           	1FB2	0000	22

./Init.h estimated size: 446

main.c
		_TMR2_ISR      		CODE           	0008	0000	140
		_displayOLED   		CODE           	1F16	0000	112
		_main          		CODE           	0302	0000	1266

main.c estimated size: 1518

C:\Program Files\Microchip\xc8\v3.00\pic\sources\c99\common\sprcadd.c
		___fladd       		CODE           	07F4	0000	1206

C:\Program Files\Microchip\xc8\v3.00\pic\sources\c99\common\sprcadd.c estimated size: 1206

